# Copyright 2025 ScopeDB <contact@scopedb.io>
#
# Licensed under the Apache License, Version 2.0 (the "License");
# you may not use this file except in compliance with the License.
# You may obtain a copy of the License at
#
#     http://www.apache.org/licenses/LICENSE-2.0
#
# Unless required by applicable law or agreed to in writing, software
# distributed under the License is distributed on an "AS IS" BASIS,
# WITHOUT WARRANTIES OR CONDITIONS OF ANY KIND, either express or implied.
# See the License for the specific language governing permissions and
# limitations under the License.

id: deny-import-log
snapshots:
  use log::info;:
    labels:
    - source: log
      style: primary
      start: 4
      end: 7
    - source: use log::info;
      style: secondary
      start: 0
      end: 14
    - source: log::info
      style: secondary
      start: 4
      end: 13
  use log::warn;:
    labels:
    - source: log
      style: primary
      start: 4
      end: 7
    - source: use log::warn;
      style: secondary
      start: 0
      end: 14
    - source: log::warn
      style: secondary
      start: 4
      end: 13
